--- TEST START ---
Getting checkpoints...
ERROR: 
